0 verbose cli C:\Program Files\nodejs\node.exe C:\Program Files\nodejs\node_modules\npm\bin\npm-cli.js
1 info using npm@11.6.2
2 info using node@v24.12.0
3 silly config load:file:C:\Program Files\nodejs\node_modules\npm\npmrc
4 silly config load:file:D:\MINI PROJECT\food-delivery-app\frontend\.npmrc
5 silly config load:file:C:\Users\jaisw\.npmrc
6 silly config load:file:C:\Users\jaisw\AppData\Roaming\npm\etc\npmrc
7 verbose title npm install vite@5.4.21 @vitejs/plugin-react@4.7.0
8 verbose argv "install" "vite@5.4.21" "@vitejs/plugin-react@4.7.0" "--save-dev" "--cache" ".\\.npm-cache"
9 verbose logfile logs-max:10 dir:D:\MINI PROJECT\food-delivery-app\frontend\.npm-cache\_logs\2026-07-04T13_29_07_171Z-
10 verbose logfile D:\MINI PROJECT\food-delivery-app\frontend\.npm-cache\_logs\2026-07-04T13_29_07_171Z-debug-0.log
11 silly logfile done cleaning log files
12 silly packumentCache heap:2348810240 maxSize:587202560 maxEntrySize:293601280
13 silly idealTree buildDeps
14 silly fetch manifest @vitejs/plugin-react@4.7.0
15 silly packumentCache full:https://registry.npmjs.org/@vitejs%2fplugin-react cache-miss
16 http cache https://registry.npmjs.org/@vitejs%2fplugin-react 181ms (cache hit)
17 silly packumentCache full:https://registry.npmjs.org/@vitejs%2fplugin-react set size:270584 disposed:false
18 silly fetch manifest vite@5.4.21
19 silly packumentCache full:https://registry.npmjs.org/vite cache-miss
20 http cache https://registry.npmjs.org/vite 201ms (cache hit)
21 silly packumentCache full:https://registry.npmjs.org/vite set size:38896984 disposed:false
22 silly fetch manifest @types/node@^18.0.0 || >=20.0.0
23 silly packumentCache full:https://registry.npmjs.org/@types%2fnode cache-miss
24 http cache https://registry.npmjs.org/@types%2fnode 81ms (cache hit)
25 silly packumentCache full:https://registry.npmjs.org/@types%2fnode set size:11066386 disposed:false
26 silly fetch manifest less@*
27 silly packumentCache full:https://registry.npmjs.org/less cache-miss
28 http cache https://registry.npmjs.org/less 17ms (cache hit)
29 silly packumentCache full:https://registry.npmjs.org/less set size:476819 disposed:false
30 silly fetch manifest lightningcss@^1.21.0
31 silly packumentCache full:https://registry.npmjs.org/lightningcss cache-miss
32 http cache https://registry.npmjs.org/lightningcss 14ms (cache hit)
33 silly packumentCache full:https://registry.npmjs.org/lightningcss set size:186753 disposed:false
34 silly fetch manifest sass@*
35 silly packumentCache full:https://registry.npmjs.org/sass cache-miss
36 http cache https://registry.npmjs.org/sass 18ms (cache hit)
37 silly packumentCache full:https://registry.npmjs.org/sass set size:730445 disposed:false
38 silly fetch manifest sass-embedded@*
39 silly packumentCache full:https://registry.npmjs.org/sass-embedded cache-miss
40 http fetch GET 200 https://registry.npmjs.org/sass-embedded 232ms (cache revalidated)
41 silly packumentCache full:https://registry.npmjs.org/sass-embedded set size:419718 disposed:false
42 silly fetch manifest stylus@*
43 silly packumentCache full:https://registry.npmjs.org/stylus cache-miss
44 http cache https://registry.npmjs.org/stylus 13ms (cache hit)
45 silly packumentCache full:https://registry.npmjs.org/stylus set size:286766 disposed:false
46 silly fetch manifest sugarss@*
47 silly packumentCache full:https://registry.npmjs.org/sugarss cache-miss
48 http cache https://registry.npmjs.org/sugarss 14ms (cache hit)
49 silly packumentCache full:https://registry.npmjs.org/sugarss set size:44975 disposed:false
50 silly fetch manifest postcss@^8.3.3
51 silly packumentCache full:https://registry.npmjs.org/postcss cache-miss
52 http cache https://registry.npmjs.org/postcss 15ms (cache hit)
53 silly packumentCache full:https://registry.npmjs.org/postcss set size:726591 disposed:false
54 silly fetch manifest terser@^5.4.0
55 silly packumentCache full:https://registry.npmjs.org/terser cache-miss
56 http cache https://registry.npmjs.org/terser 13ms (cache hit)
57 silly packumentCache full:https://registry.npmjs.org/terser set size:803566 disposed:false
58 silly placeDep ROOT @vitejs/plugin-react@4.7.0 REPLACE for: quickbite-react@1.0.0 want: 4.7.0
59 silly placeDep ROOT vite@5.4.21 REPLACE for: quickbite-react@1.0.0 want: 5.4.21
60 silly fetch manifest react-refresh@^0.17.0
61 silly packumentCache full:https://registry.npmjs.org/react-refresh cache-miss
62 silly fetch manifest @rolldown/pluginutils@1.0.0-beta.27
63 silly packumentCache full:https://registry.npmjs.org/@rolldown%2fpluginutils cache-miss
64 silly fetch manifest esbuild@^0.21.3
65 silly packumentCache full:https://registry.npmjs.org/esbuild cache-miss
66 http cache https://registry.npmjs.org/esbuild 26ms (cache hit)
67 silly packumentCache full:https://registry.npmjs.org/esbuild set size:1259608 disposed:false
68 http cache https://registry.npmjs.org/react-refresh 76ms (cache hit)
69 silly packumentCache full:https://registry.npmjs.org/react-refresh set size:6429975 disposed:false
70 http fetch GET 200 https://registry.npmjs.org/@rolldown%2fpluginutils 185ms (cache revalidated)
71 silly packumentCache full:https://registry.npmjs.org/@rolldown%2fpluginutils set size:300388 disposed:false
72 silly placeDep ROOT @rolldown/pluginutils@1.0.0-beta.27 OK for: @vitejs/plugin-react@4.7.0 want: 1.0.0-beta.27
73 silly placeDep ROOT react-refresh@0.17.0 OK for: @vitejs/plugin-react@4.7.0 want: ^0.17.0
74 silly placeDep ROOT esbuild@0.21.5 OK for: vite@5.4.21 want: ^0.21.3
75 silly fetch manifest @esbuild/aix-ppc64@0.21.5
76 silly packumentCache full:https://registry.npmjs.org/@esbuild%2faix-ppc64 cache-miss
77 silly fetch manifest @esbuild/linux-arm@0.21.5
78 silly packumentCache full:https://registry.npmjs.org/@esbuild%2flinux-arm cache-miss
79 silly fetch manifest @esbuild/linux-x64@0.21.5
80 silly packumentCache full:https://registry.npmjs.org/@esbuild%2flinux-x64 cache-miss
81 silly fetch manifest @esbuild/sunos-x64@0.21.5
82 silly packumentCache full:https://registry.npmjs.org/@esbuild%2fsunos-x64 cache-miss
83 silly fetch manifest @esbuild/win32-x64@0.21.5
84 silly packumentCache full:https://registry.npmjs.org/@esbuild%2fwin32-x64 cache-miss
85 silly fetch manifest @esbuild/darwin-x64@0.21.5
86 silly packumentCache full:https://registry.npmjs.org/@esbuild%2fdarwin-x64 cache-miss
87 silly fetch manifest @esbuild/linux-ia32@0.21.5
88 silly packumentCache full:https://registry.npmjs.org/@esbuild%2flinux-ia32 cache-miss
89 http cache https://registry.npmjs.org/@esbuild%2faix-ppc64 24ms (cache hit)
90 silly packumentCache full:https://registry.npmjs.org/@esbuild%2faix-ppc64 set size:65972 disposed:false
91 silly fetch manifest @esbuild/netbsd-x64@0.21.5
92 silly packumentCache full:https://registry.npmjs.org/@esbuild%2fnetbsd-x64 cache-miss
93 http cache https://registry.npmjs.org/@esbuild%2flinux-x64 29ms (cache hit)
94 silly packumentCache full:https://registry.npmjs.org/@esbuild%2flinux-x64 set size:197126 disposed:false
95 silly fetch manifest @esbuild/win32-ia32@0.21.5
96 silly packumentCache full:https://registry.npmjs.org/@esbuild%2fwin32-ia32 cache-miss
97 http cache https://registry.npmjs.org/@esbuild%2fsunos-x64 33ms (cache hit)
98 silly packumentCache full:https://registry.npmjs.org/@esbuild%2fsunos-x64 set size:197370 disposed:false
99 silly fetch manifest @esbuild/android-arm@0.21.5
100 silly packumentCache full:https://registry.npmjs.org/@esbuild%2fandroid-arm cache-miss
101 http cache https://registry.npmjs.org/@esbuild%2fwin32-x64 41ms (cache hit)
102 silly packumentCache full:https://registry.npmjs.org/@esbuild%2fwin32-x64 set size:195722 disposed:false
103 silly fetch manifest @esbuild/android-x64@0.21.5
104 silly packumentCache full:https://registry.npmjs.org/@esbuild%2fandroid-x64 cache-miss
105 http cache https://registry.npmjs.org/@esbuild%2flinux-arm 48ms (cache hit)
106 silly packumentCache full:https://registry.npmjs.org/@esbuild%2flinux-arm set size:196784 disposed:false
107 silly fetch manifest @esbuild/freebsd-x64@0.21.5
108 silly packumentCache full:https://registry.npmjs.org/@esbuild%2ffreebsd-x64 cache-miss
109 http cache https://registry.npmjs.org/@esbuild%2flinux-ia32 51ms (cache hit)
110 silly packumentCache full:https://registry.npmjs.org/@esbuild%2flinux-ia32 set size:197805 disposed:false
111 silly fetch manifest @esbuild/linux-arm64@0.21.5
112 silly packumentCache full:https://registry.npmjs.org/@esbuild%2flinux-arm64 cache-miss
113 http cache https://registry.npmjs.org/@esbuild%2fdarwin-x64 57ms (cache hit)
114 silly packumentCache full:https://registry.npmjs.org/@esbuild%2fdarwin-x64 set size:197848 disposed:false
115 silly fetch manifest @esbuild/linux-ppc64@0.21.5
116 silly packumentCache full:https://registry.npmjs.org/@esbuild%2flinux-ppc64 cache-miss
117 http cache https://registry.npmjs.org/@esbuild%2fnetbsd-x64 59ms (cache hit)
118 silly packumentCache full:https://registry.npmjs.org/@esbuild%2fnetbsd-x64 set size:195514 disposed:false
119 silly fetch manifest @esbuild/linux-s390x@0.21.5
120 silly packumentCache full:https://registry.npmjs.org/@esbuild%2flinux-s390x cache-miss
121 http cache https://registry.npmjs.org/@esbuild%2fwin32-ia32 58ms (cache hit)
122 silly packumentCache full:https://registry.npmjs.org/@esbuild%2fwin32-ia32 set size:198030 disposed:false
123 silly fetch manifest @esbuild/openbsd-x64@0.21.5
124 silly packumentCache full:https://registry.npmjs.org/@esbuild%2fopenbsd-x64 cache-miss
125 http cache https://registry.npmjs.org/@esbuild%2fandroid-arm 59ms (cache hit)
126 silly packumentCache full:https://registry.npmjs.org/@esbuild%2fandroid-arm set size:223400 disposed:false
127 silly fetch manifest @esbuild/win32-arm64@0.21.5
128 silly packumentCache full:https://registry.npmjs.org/@esbuild%2fwin32-arm64 cache-miss
129 http cache https://registry.npmjs.org/@esbuild%2flinux-arm64 48ms (cache hit)
130 silly packumentCache full:https://registry.npmjs.org/@esbuild%2flinux-arm64 set size:198939 disposed:false
131 silly fetch manifest @esbuild/darwin-arm64@0.21.5
132 silly packumentCache full:https://registry.npmjs.org/@esbuild%2fdarwin-arm64 cache-miss
133 http cache https://registry.npmjs.org/@esbuild%2ffreebsd-x64 60ms (cache hit)
134 silly packumentCache full:https://registry.npmjs.org/@esbuild%2ffreebsd-x64 set size:198734 disposed:false
135 silly fetch manifest @esbuild/android-arm64@0.21.5
136 silly packumentCache full:https://registry.npmjs.org/@esbuild%2fandroid-arm64 cache-miss
137 http cache https://registry.npmjs.org/@esbuild%2fandroid-x64 73ms (cache hit)
138 silly packumentCache full:https://registry.npmjs.org/@esbuild%2fandroid-x64 set size:197200 disposed:false
139 silly fetch manifest @esbuild/freebsd-arm64@0.21.5
140 silly packumentCache full:https://registry.npmjs.org/@esbuild%2ffreebsd-arm64 cache-miss
141 http cache https://registry.npmjs.org/@esbuild%2flinux-ppc64 61ms (cache hit)
142 silly packumentCache full:https://registry.npmjs.org/@esbuild%2flinux-ppc64 set size:200994 disposed:false
143 silly fetch manifest @esbuild/linux-loong64@0.21.5
144 silly packumentCache full:https://registry.npmjs.org/@esbuild%2flinux-loong64 cache-miss
145 http cache https://registry.npmjs.org/@esbuild%2flinux-s390x 64ms (cache hit)
146 silly packumentCache full:https://registry.npmjs.org/@esbuild%2flinux-s390x set size:200463 disposed:false
147 silly fetch manifest @esbuild/linux-riscv64@0.21.5
148 silly packumentCache full:https://registry.npmjs.org/@esbuild%2flinux-riscv64 cache-miss
149 http cache https://registry.npmjs.org/@esbuild%2fopenbsd-x64 66ms (cache hit)
150 silly packumentCache full:https://registry.npmjs.org/@esbuild%2fopenbsd-x64 set size:198745 disposed:false
151 silly fetch manifest @esbuild/linux-mips64el@0.21.5
152 silly packumentCache full:https://registry.npmjs.org/@esbuild%2flinux-mips64el cache-miss
153 http cache https://registry.npmjs.org/@esbuild%2fwin32-arm64 66ms (cache hit)
154 silly packumentCache full:https://registry.npmjs.org/@esbuild%2fwin32-arm64 set size:199171 disposed:false
155 http cache https://registry.npmjs.org/@esbuild%2fdarwin-arm64 65ms (cache hit)
156 silly packumentCache full:https://registry.npmjs.org/@esbuild%2fdarwin-arm64 set size:199630 disposed:false
157 http cache https://registry.npmjs.org/@esbuild%2fandroid-arm64 67ms (cache hit)
158 silly packumentCache full:https://registry.npmjs.org/@esbuild%2fandroid-arm64 set size:202366 disposed:false
159 http cache https://registry.npmjs.org/@esbuild%2ffreebsd-arm64 68ms (cache hit)
160 silly packumentCache full:https://registry.npmjs.org/@esbuild%2ffreebsd-arm64 set size:200534 disposed:false
161 http cache https://registry.npmjs.org/@esbuild%2flinux-loong64 67ms (cache hit)
162 silly packumentCache full:https://registry.npmjs.org/@esbuild%2flinux-loong64 set size:253896 disposed:false
163 http cache https://registry.npmjs.org/@esbuild%2flinux-riscv64 101ms (cache hit)
164 silly packumentCache full:https://registry.npmjs.org/@esbuild%2flinux-riscv64 set size:200662 disposed:false
165 http cache https://registry.npmjs.org/@esbuild%2flinux-mips64el 97ms (cache hit)
166 silly packumentCache full:https://registry.npmjs.org/@esbuild%2flinux-mips64el set size:202764 disposed:false
167 silly placeDep ROOT @esbuild/aix-ppc64@0.21.5 OK for: esbuild@0.21.5 want: 0.21.5
168 silly placeDep ROOT @esbuild/android-arm@0.21.5 OK for: esbuild@0.21.5 want: 0.21.5
169 silly placeDep ROOT @esbuild/android-arm64@0.21.5 OK for: esbuild@0.21.5 want: 0.21.5
170 silly placeDep ROOT @esbuild/android-x64@0.21.5 OK for: esbuild@0.21.5 want: 0.21.5
171 silly placeDep ROOT @esbuild/darwin-arm64@0.21.5 OK for: esbuild@0.21.5 want: 0.21.5
172 silly placeDep ROOT @esbuild/darwin-x64@0.21.5 OK for: esbuild@0.21.5 want: 0.21.5
173 silly placeDep ROOT @esbuild/freebsd-arm64@0.21.5 OK for: esbuild@0.21.5 want: 0.21.5
174 silly placeDep ROOT @esbuild/freebsd-x64@0.21.5 OK for: esbuild@0.21.5 want: 0.21.5
175 silly placeDep ROOT @esbuild/linux-arm@0.21.5 OK for: esbuild@0.21.5 want: 0.21.5
176 silly placeDep ROOT @esbuild/linux-arm64@0.21.5 OK for: esbuild@0.21.5 want: 0.21.5
177 silly placeDep ROOT @esbuild/linux-ia32@0.21.5 OK for: esbuild@0.21.5 want: 0.21.5
178 silly placeDep ROOT @esbuild/linux-loong64@0.21.5 OK for: esbuild@0.21.5 want: 0.21.5
179 silly placeDep ROOT @esbuild/linux-mips64el@0.21.5 OK for: esbuild@0.21.5 want: 0.21.5
180 silly placeDep ROOT @esbuild/linux-ppc64@0.21.5 OK for: esbuild@0.21.5 want: 0.21.5
181 silly placeDep ROOT @esbuild/linux-riscv64@0.21.5 OK for: esbuild@0.21.5 want: 0.21.5
182 silly placeDep ROOT @esbuild/linux-s390x@0.21.5 OK for: esbuild@0.21.5 want: 0.21.5
183 silly placeDep ROOT @esbuild/linux-x64@0.21.5 OK for: esbuild@0.21.5 want: 0.21.5
184 silly placeDep ROOT @esbuild/netbsd-x64@0.21.5 OK for: esbuild@0.21.5 want: 0.21.5
185 silly placeDep ROOT @esbuild/openbsd-x64@0.21.5 OK for: esbuild@0.21.5 want: 0.21.5
186 silly placeDep ROOT @esbuild/sunos-x64@0.21.5 OK for: esbuild@0.21.5 want: 0.21.5
187 silly placeDep ROOT @esbuild/win32-arm64@0.21.5 OK for: esbuild@0.21.5 want: 0.21.5
188 silly placeDep ROOT @esbuild/win32-ia32@0.21.5 OK for: esbuild@0.21.5 want: 0.21.5
189 silly placeDep ROOT @esbuild/win32-x64@0.21.5 OK for: esbuild@0.21.5 want: 0.21.5
190 silly reify mark retired [
190 silly reify   'D:\\MINI PROJECT\\food-delivery-app\\frontend\\node_modules\\@esbuild\\win32-x64'
190 silly reify ]
191 silly reify mark retired [
191 silly reify   'D:\\MINI PROJECT\\food-delivery-app\\frontend\\node_modules\\@vitejs\\plugin-react'
191 silly reify ]
192 silly reify mark retired [
192 silly reify   'D:\\MINI PROJECT\\food-delivery-app\\frontend\\node_modules\\esbuild',
192 silly reify   'D:\\MINI PROJECT\\food-delivery-app\\frontend\\node_modules\\.bin\\esbuild',
192 silly reify   'D:\\MINI PROJECT\\food-delivery-app\\frontend\\node_modules\\.bin\\esbuild.cmd',
192 silly reify   'D:\\MINI PROJECT\\food-delivery-app\\frontend\\node_modules\\.bin\\esbuild.ps1'
192 silly reify ]
193 silly reify mark retired [
193 silly reify   'D:\\MINI PROJECT\\food-delivery-app\\frontend\\node_modules\\react-refresh'
193 silly reify ]
194 silly reify mark retired [
194 silly reify   'D:\\MINI PROJECT\\food-delivery-app\\frontend\\node_modules\\vite',
194 silly reify   'D:\\MINI PROJECT\\food-delivery-app\\frontend\\node_modules\\.bin\\vite',
194 silly reify   'D:\\MINI PROJECT\\food-delivery-app\\frontend\\node_modules\\.bin\\vite.cmd',
194 silly reify   'D:\\MINI PROJECT\\food-delivery-app\\frontend\\node_modules\\.bin\\vite.ps1'
194 silly reify ]
195 silly reify moves {
195 silly reify   'D:\\MINI PROJECT\\food-delivery-app\\frontend\\node_modules\\@esbuild\\win32-x64': 'D:\\MINI PROJECT\\food-delivery-app\\frontend\\node_modules\\@esbuild\\.win32-x64-b1JDRHye',
195 silly reify   'D:\\MINI PROJECT\\food-delivery-app\\frontend\\node_modules\\@vitejs\\plugin-react': 'D:\\MINI PROJECT\\food-delivery-app\\frontend\\node_modules\\@vitejs\\.plugin-react-04j07ChR',
195 silly reify   'D:\\MINI PROJECT\\food-delivery-app\\frontend\\node_modules\\esbuild': 'D:\\MINI PROJECT\\food-delivery-app\\frontend\\node_modules\\.esbuild-IGScBKhN',
195 silly reify   'D:\\MINI PROJECT\\food-delivery-app\\frontend\\node_modules\\.bin\\esbuild': 'D:\\MINI PROJECT\\food-delivery-app\\frontend\\node_modules\\.bin\\.esbuild-CmRyy2Nd',
195 silly reify   'D:\\MINI PROJECT\\food-delivery-app\\frontend\\node_modules\\.bin\\esbuild.cmd': 'D:\\MINI PROJECT\\food-delivery-app\\frontend\\node_modules\\.bin\\.esbuild.cmd-VJgasX4h',
195 silly reify   'D:\\MINI PROJECT\\food-delivery-app\\frontend\\node_modules\\.bin\\esbuild.ps1': 'D:\\MINI PROJECT\\food-delivery-app\\frontend\\node_modules\\.bin\\.esbuild.ps1-diaebw7W',
195 silly reify   'D:\\MINI PROJECT\\food-delivery-app\\frontend\\node_modules\\react-refresh': 'D:\\MINI PROJECT\\food-delivery-app\\frontend\\node_modules\\.react-refresh-KsMTcOry',
195 silly reify   'D:\\MINI PROJECT\\food-delivery-app\\frontend\\node_modules\\vite': 'D:\\MINI PROJECT\\food-delivery-app\\frontend\\node_modules\\.vite-6MB97RhZ',
195 silly reify   'D:\\MINI PROJECT\\food-delivery-app\\frontend\\node_modules\\.bin\\vite': 'D:\\MINI PROJECT\\food-delivery-app\\frontend\\node_modules\\.bin\\.vite-X6Ac3iMU',
195 silly reify   'D:\\MINI PROJECT\\food-delivery-app\\frontend\\node_modules\\.bin\\vite.cmd': 'D:\\MINI PROJECT\\food-delivery-app\\frontend\\node_modules\\.bin\\.vite.cmd-HJOp0sWI',
195 silly reify   'D:\\MINI PROJECT\\food-delivery-app\\frontend\\node_modules\\.bin\\vite.ps1': 'D:\\MINI PROJECT\\food-delivery-app\\frontend\\node_modules\\.bin\\.vite.ps1-ZV30NIIh'
195 silly reify }
196 silly audit bulk request {
196 silly audit   '@babel/code-frame': [ '7.29.7' ],
196 silly audit   '@babel/compat-data': [ '7.29.7' ],
196 silly audit   '@babel/core': [ '7.29.7' ],
196 silly audit   '@babel/generator': [ '7.29.7' ],
196 silly audit   '@babel/helper-compilation-targets': [ '7.29.7' ],
196 silly audit   '@babel/helper-globals': [ '7.29.7' ],
196 silly audit   '@babel/helper-module-imports': [ '7.29.7' ],
196 silly audit   '@babel/helper-module-transforms': [ '7.29.7' ],
196 silly audit   '@babel/helper-plugin-utils': [ '7.29.7' ],
196 silly audit   '@babel/helper-string-parser': [ '7.29.7' ],
196 silly audit   '@babel/helper-validator-identifier': [ '7.29.7' ],
196 silly audit   '@babel/helper-validator-option': [ '7.29.7' ],
196 silly audit   '@babel/helpers': [ '7.29.7' ],
196 silly audit   '@babel/parser': [ '7.29.7' ],
196 silly audit   '@babel/plugin-transform-react-jsx-self': [ '7.29.7' ],
196 silly audit   '@babel/plugin-transform-react-jsx-source': [ '7.29.7' ],
196 silly audit   '@babel/runtime': [ '7.29.2' ],
196 silly audit   '@babel/template': [ '7.29.7' ],
196 silly audit   '@babel/traverse': [ '7.29.7' ],
196 silly audit   '@babel/types': [ '7.29.7' ],
196 silly audit   '@eslint-community/eslint-utils': [ '4.9.1' ],
196 silly audit   '@eslint-community/regexpp': [ '4.12.2' ],
196 silly audit   '@eslint/eslintrc': [ '2.1.4' ],
196 silly audit   '@eslint/js': [ '8.57.1' ],
196 silly audit   '@humanwhocodes/config-array': [ '0.13.0' ],
196 silly audit   '@humanwhocodes/module-importer': [ '1.0.1' ],
196 silly audit   '@humanwhocodes/object-schema': [ '2.0.3' ],
196 silly audit   '@jridgewell/gen-mapping': [ '0.3.13' ],
196 silly audit   '@jridgewell/remapping': [ '2.3.5' ],
196 silly audit   '@jridgewell/resolve-uri': [ '3.1.2' ],
196 silly audit   '@jridgewell/sourcemap-codec': [ '1.5.5' ],
196 silly audit   '@jridgewell/trace-mapping': [ '0.3.31' ],
196 silly audit   '@nodelib/fs.scandir': [ '2.1.5' ],
196 silly audit   '@nodelib/fs.stat': [ '2.0.5' ],
196 silly audit   '@nodelib/fs.walk': [ '1.2.8' ],
196 silly audit   '@react-leaflet/core': [ '2.1.0' ],
196 silly audit   '@remix-run/router': [ '1.23.2' ],
196 silly audit   '@rollup/rollup-android-arm-eabi': [ '4.62.2' ],
196 silly audit   '@rollup/rollup-android-arm64': [ '4.62.2' ],
196 silly audit   '@rollup/rollup-darwin-arm64': [ '4.62.2' ],
196 silly audit   '@rollup/rollup-darwin-x64': [ '4.62.2' ],
196 silly audit   '@rollup/rollup-freebsd-arm64': [ '4.62.2' ],
196 silly audit   '@rollup/rollup-freebsd-x64': [ '4.62.2' ],
196 silly audit   '@rollup/rollup-linux-arm-gnueabihf': [ '4.62.2' ],
196 silly audit   '@rollup/rollup-linux-arm-musleabihf': [ '4.62.2' ],
196 silly audit   '@rollup/rollup-linux-arm64-gnu': [ '4.62.2' ],
196 silly audit   '@rollup/rollup-linux-arm64-musl': [ '4.62.2' ],
196 silly audit   '@rollup/rollup-linux-loong64-gnu': [ '4.62.2' ],
196 silly audit   '@rollup/rollup-linux-loong64-musl': [ '4.62.2' ],
196 silly audit   '@rollup/rollup-linux-ppc64-gnu': [ '4.62.2' ],
196 silly audit   '@rollup/rollup-linux-ppc64-musl': [ '4.62.2' ],
196 silly audit   '@rollup/rollup-linux-riscv64-gnu': [ '4.62.2' ],
196 silly audit   '@rollup/rollup-linux-riscv64-musl': [ '4.62.2' ],
196 silly audit   '@rollup/rollup-linux-s390x-gnu': [ '4.62.2' ],
196 silly audit   '@rollup/rollup-linux-x64-gnu': [ '4.62.2' ],
196 silly audit   '@rollup/rollup-linux-x64-musl': [ '4.62.2' ],
196 silly audit   '@rollup/rollup-openbsd-x64': [ '4.62.2' ],
196 silly audit   '@rollup/rollup-openharmony-arm64': [ '4.62.2' ],
196 silly audit   '@rollup/rollup-win32-arm64-msvc': [ '4.62.2' ],
196 silly audit   '@rollup/rollup-win32-ia32-msvc': [ '4.62.2' ],
196 silly audit   '@rollup/rollup-win32-x64-gnu': [ '4.62.2' ],
196 silly audit   '@rollup/rollup-win32-x64-msvc': [ '4.62.2' ],
196 silly audit   '@socket.io/component-emitter': [ '3.1.2' ],
196 silly audit   '@types/babel__core': [ '7.20.5' ],
196 silly audit   '@types/babel__generator': [ '7.27.0' ],
196 silly audit   '@types/babel__template': [ '7.4.4' ],
196 silly audit   '@types/babel__traverse': [ '7.28.0' ],
196 silly audit   '@types/estree': [ '1.0.9' ],
196 silly audit   '@ungap/structured-clone': [ '1.3.0' ],
196 silly audit   acorn: [ '8.16.0' ],
196 silly audit   'acorn-jsx': [ '5.3.2' ],
196 silly audit   ajv: [ '6.14.0' ],
196 silly audit   'ansi-regex': [ '5.0.1' ],
196 silly audit   'ansi-styles': [ '4.3.0' ],
196 silly audit   argparse: [ '2.0.1' ],
196 silly audit   'array-buffer-byte-length': [ '1.0.2' ],
196 silly audit   'array-includes': [ '3.1.9' ],
196 silly audit   'array.prototype.findlast': [ '1.2.5' ],
196 silly audit   'array.prototype.flat': [ '1.3.3' ],
196 silly audit   'array.prototype.flatmap': [ '1.3.3' ],
196 silly audit   'array.prototype.tosorted': [ '1.1.4' ],
196 silly audit   'arraybuffer.prototype.slice': [ '1.0.4' ],
196 silly audit   'async-function': [ '1.0.0' ],
196 silly audit   asynckit: [ '0.4.0' ],
196 silly audit   'available-typed-arrays': [ '1.0.7' ],
196 silly audit   axios: [ '1.15.0' ],
196 silly audit   'balanced-match': [ '1.0.2' ],
196 silly audit   'baseline-browser-mapping': [ '2.10.41' ],
196 silly audit   'brace-expansion': [ '1.1.14' ],
196 silly audit   browserslist: [ '4.28.4' ],
196 silly audit   'call-bind': [ '1.0.9' ],
196 silly audit   'call-bind-apply-helpers': [ '1.0.2' ],
196 silly audit   'call-bound': [ '1.0.4' ],
196 silly audit   callsites: [ '3.1.0' ],
196 silly audit   'caniuse-lite': [ '1.0.30001800' ],
196 silly audit   chalk: [ '4.1.2' ],
196 silly audit   'supports-color': [ '7.2.0', '8.1.1' ],
196 silly audit   cliui: [ '8.0.1' ],
196 silly audit   'color-convert': [ '2.0.1' ],
196 silly audit   'color-name': [ '1.1.4' ],
196 silly audit   'combined-stream': [ '1.0.8' ],
196 silly audit   'concat-map': [ '0.0.1' ],
196 silly audit   concurrently: [ '8.2.2' ],
196 silly audit   'convert-source-map': [ '2.0.0' ],
196 silly audit   'cross-spawn': [ '7.0.6' ],
196 silly audit   'data-view-buffer': [ '1.0.2' ],
196 silly audit   'data-view-byte-length': [ '1.0.2' ],
196 silly audit   'data-view-byte-offset': [ '1.0.1' ],
196 silly audit   'date-fns': [ '2.30.0' ],
196 silly audit   debug: [ '4.4.3' ],
196 silly audit   'deep-is': [ '0.1.4' ],
196 silly audit   'define-data-property': [ '1.1.4' ],
196 silly audit   'define-properties': [ '1.2.1' ],
196 silly audit   'delayed-stream': [ '1.0.0' ],
196 silly audit   doctrine: [ '3.0.0', '2.1.0' ],
196 silly audit   'dunder-proto': [ '1.0.1' ],
196 silly audit   'electron-to-chromium': [ '1.5.387' ],
196 silly audit   'emoji-regex': [ '8.0.0' ],
196 silly audit   'engine.io-client': [ '6.6.4' ],
196 silly audit   'engine.io-parser': [ '5.2.3' ],
196 silly audit   'es-abstract': [ '1.24.2' ],
196 silly audit   'es-define-property': [ '1.0.1' ],
196 silly audit   'es-errors': [ '1.3.0' ],
196 silly audit   'es-iterator-helpers': [ '1.3.2' ],
196 silly audit   'es-object-atoms': [ '1.1.1' ],
196 silly audit   'es-set-tostringtag': [ '2.1.0' ],
196 silly audit   'es-shim-unscopables': [ '1.1.0' ],
196 silly audit   'es-to-primitive': [ '1.3.0' ],
196 silly audit   escalade: [ '3.2.0' ],
196 silly audit   'escape-string-regexp': [ '4.0.0' ],
196 silly audit   eslint: [ '8.57.1' ],
196 silly audit   'eslint-plugin-react': [ '7.37.5' ],
196 silly audit   'eslint-plugin-react-hooks': [ '4.6.2' ],
196 silly audit   'eslint-scope': [ '7.2.2' ],
196 silly audit   'eslint-visitor-keys': [ '3.4.3' ],
196 silly audit   espree: [ '9.6.1' ],
196 silly audit   esquery: [ '1.7.0' ],
196 silly audit   esrecurse: [ '4.3.0' ],
196 silly audit   estraverse: [ '5.3.0' ],
196 silly audit   esutils: [ '2.0.3' ],
196 silly audit   'fast-deep-equal': [ '3.1.3' ],
196 silly audit   'fast-json-stable-stringify': [ '2.1.0' ],
196 silly audit   'fast-levenshtein': [ '2.0.6' ],
196 silly audit   fastq: [ '1.20.1' ],
196 silly audit   'file-entry-cache': [ '6.0.1' ],
196 silly audit   'find-up': [ '5.0.0' ],
196 silly audit   'flat-cache': [ '3.2.0' ],
196 silly audit   flatted: [ '3.4.2' ],
196 silly audit   'follow-redirects': [ '1.15.11' ],
196 silly audit   'for-each': [ '0.3.5' ],
196 silly audit   'form-data': [ '4.0.5' ],
196 silly audit   'fs.realpath': [ '1.0.0' ],
196 silly audit   fsevents: [ '2.3.3' ],
196 silly audit   'function-bind': [ '1.1.2' ],
196 silly audit   'function.prototype.name': [ '1.1.8' ],
196 silly audit   'functions-have-names': [ '1.2.3' ],
196 silly audit   'generator-function': [ '2.0.1' ],
196 silly audit   gensync: [ '1.0.0-beta.2' ],
196 silly audit   'get-caller-file': [ '2.0.5' ],
196 silly audit   'get-intrinsic': [ '1.3.0' ],
196 silly audit   'get-proto': [ '1.0.1' ],
196 silly audit   'get-symbol-description': [ '1.1.0' ],
196 silly audit   glob: [ '7.2.3' ],
196 silly audit   'glob-parent': [ '6.0.2' ],
196 silly audit   globals: [ '13.24.0' ],
196 silly audit   globalthis: [ '1.0.4' ],
196 silly audit   gopd: [ '1.2.0' ],
196 silly audit   graphemer: [ '1.4.0' ],
196 silly audit   'has-bigints': [ '1.1.0' ],
196 silly audit   'has-flag': [ '4.0.0' ],
196 silly audit   'has-property-descriptors': [ '1.0.2' ],
196 silly audit   'has-proto': [ '1.2.0' ],
196 silly audit   'has-symbols': [ '1.1.0' ],
196 silly audit   'has-tostringtag': [ '1.0.2' ],
196 silly audit   hasown: [ '2.0.2' ],
196 silly audit   ignore: [ '5.3.2' ],
196 silly audit   'import-fresh': [ '3.3.1' ],
196 silly audit   imurmurhash: [ '0.1.4' ],
196 silly audit   inflight: [ '1.0.6' ],
196 silly audit   inherits: [ '2.0.4' ],
196 silly audit   'internal-slot': [ '1.1.0' ],
196 silly audit   'is-array-buffer': [ '3.0.5' ],
196 silly audit   'is-async-function': [ '2.1.1' ],
196 silly audit   'is-bigint': [ '1.1.0' ],
196 silly audit   'is-boolean-object': [ '1.2.2' ],
196 silly audit   'is-callable': [ '1.2.7' ],
196 silly audit   'is-core-module': [ '2.16.1' ],
196 silly audit   'is-data-view': [ '1.0.2' ],
196 silly audit   'is-date-object': [ '1.1.0' ],
196 silly audit   'is-extglob': [ '2.1.1' ],
196 silly audit   'is-finalizationregistry': [ '1.1.1' ],
196 silly audit   'is-fullwidth-code-point': [ '3.0.0' ],
196 silly audit   'is-generator-function': [ '1.1.2' ],
196 silly audit   'is-glob': [ '4.0.3' ],
196 silly audit   'is-map': [ '2.0.3' ],
196 silly audit   'is-negative-zero': [ '2.0.3' ],
196 silly audit   'is-number-object': [ '1.1.1' ],
196 silly audit   'is-path-inside': [ '3.0.3' ],
196 silly audit   'is-regex': [ '1.2.1' ],
196 silly audit   'is-set': [ '2.0.3' ],
196 silly audit   'is-shared-array-buffer': [ '1.0.4' ],
196 silly audit   'is-string': [ '1.1.1' ],
196 silly audit   'is-symbol': [ '1.1.1' ],
196 silly audit   'is-typed-array': [ '1.1.15' ],
196 silly audit   'is-weakmap': [ '2.0.2' ],
196 silly audit   'is-weakref': [ '1.1.1' ],
196 silly audit   'is-weakset': [ '2.0.4' ],
196 silly audit   isarray: [ '2.0.5' ],
196 silly audit   isexe: [ '2.0.0' ],
196 silly audit   'iterator.prototype': [ '1.1.5' ],
196 silly audit   'js-tokens': [ '4.0.0' ],
196 silly audit   'js-yaml': [ '4.1.1' ],
196 silly audit   jsesc: [ '3.1.0' ],
196 silly audit   'json-buffer': [ '3.0.1' ],
196 silly audit   'json-schema-traverse': [ '0.4.1' ],
196 silly audit   'json-stable-stringify-without-jsonify': [ '1.0.1' ],
196 silly audit   json5: [ '2.2.3' ],
196 silly audit   'jsx-ast-utils': [ '3.3.5' ],
196 silly audit   keyv: [ '4.5.4' ],
196 silly audit   leaflet: [ '1.9.4' ],
196 silly audit   levn: [ '0.4.1' ],
196 silly audit   'locate-path': [ '6.0.0' ],
196 silly audit   lodash: [ '4.18.1' ],
196 silly audit   'lodash.merge': [ '4.6.2' ],
196 silly audit   'loose-envify': [ '1.4.0' ],
196 silly audit   'lru-cache': [ '5.1.1' ],
196 silly audit   'math-intrinsics': [ '1.1.0' ],
196 silly audit   'mime-db': [ '1.52.0' ],
196 silly audit   'mime-types': [ '2.1.35' ],
196 silly audit   minimatch: [ '3.1.5' ],
196 silly audit   ms: [ '2.1.3' ],
196 silly audit   nanoid: [ '3.3.15' ],
196 silly audit   'natural-compare': [ '1.4.0' ],
196 silly audit   'node-exports-info': [ '1.6.0' ],
196 silly audit   'node-releases': [ '2.0.50' ],
196 silly audit   'object-assign': [ '4.1.1' ],
196 silly audit   'object-inspect': [ '1.13.4' ],
196 silly audit   'object-keys': [ '1.1.1' ],
196 silly audit   'object.assign': [ '4.1.7' ],
196 silly audit   'object.entries': [ '1.1.9' ],
196 silly audit   'object.fromentries': [ '2.0.8' ],
196 silly audit   'object.values': [ '1.2.1' ],
196 silly audit   once: [ '1.4.0' ],
196 silly audit   optionator: [ '0.9.4' ],
196 silly audit   'own-keys': [ '1.0.1' ],
196 silly audit   'p-limit': [ '3.1.0' ],
196 silly audit   'p-locate': [ '5.0.0' ],
196 silly audit   'parent-module': [ '1.0.1' ],
196 silly audit   'path-exists': [ '4.0.0' ],
196 silly audit   'path-is-absolute': [ '1.0.1' ],
196 silly audit   'path-key': [ '3.1.1' ],
196 silly audit   'path-parse': [ '1.0.7' ],
196 silly audit   picocolors: [ '1.1.1' ],
196 silly audit   'possible-typed-array-names': [ '1.1.0' ],
196 silly audit   postcss: [ '8.5.16' ],
196 silly audit   'prelude-ls': [ '1.2.1' ],
196 silly audit   'prop-types': [ '15.8.1' ],
196 silly audit   'proxy-from-env': [ '2.1.0' ],
196 silly audit   punycode: [ '2.3.1' ],
196 silly audit   'queue-microtask': [ '1.2.3' ],
196 silly audit   razorpay: [ '2.9.6' ],
196 silly audit   react: [ '18.3.1' ],
196 silly audit   'react-dom': [ '18.3.1' ],
196 silly audit   'react-is': [ '16.13.1' ],
196 silly audit   'react-leaflet': [ '4.2.1' ],
196 silly audit   'react-router': [ '6.30.3' ],
196 silly audit   'react-router-dom': [ '6.30.3' ],
196 silly audit   'reflect.getprototypeof': [ '1.0.10' ],
196 silly audit   'regexp.prototype.flags': [ '1.5.4' ],
196 silly audit   'require-directory': [ '2.1.1' ],
196 silly audit   resolve: [ '2.0.0-next.6' ],
196 silly audit   'resolve-from': [ '4.0.0' ],
196 silly audit   reusify: [ '1.1.0' ],
196 silly audit   rimraf: [ '3.0.2' ],
196 silly audit   rollup: [ '4.62.2' ],
196 silly audit   'run-parallel': [ '1.2.0' ],
196 silly audit   rxjs: [ '7.8.2' ],
196 silly audit   'safe-array-concat': [ '1.1.3' ],
196 silly audit   'safe-push-apply': [ '1.0.0' ],
196 silly audit   'safe-regex-test': [ '1.1.0' ],
196 silly audit   scheduler: [ '0.23.2' ],
196 silly audit   semver: [ '6.3.1' ],
196 silly audit   'set-function-length': [ '1.2.2' ],
196 silly audit   'set-function-name': [ '2.0.2' ],
196 silly audit   'set-proto': [ '1.0.0' ],
196 silly audit   'shebang-command': [ '2.0.0' ],
196 silly audit   'shebang-regex': [ '3.0.0' ],
196 silly audit   'shell-quote': [ '1.8.3' ],
196 silly audit   'side-channel': [ '1.1.0' ],
196 silly audit   'side-channel-list': [ '1.0.1' ],
196 silly audit   'side-channel-map': [ '1.0.1' ],
196 silly audit   'side-channel-weakmap': [ '1.0.2' ],
196 silly audit   'socket.io-client': [ '4.8.3' ],
196 silly audit   'socket.io-parser': [ '4.2.6' ],
196 silly audit   'source-map-js': [ '1.2.1' ],
196 silly audit   'spawn-command': [ '0.0.2' ],
196 silly audit   'stop-iteration-iterator': [ '1.1.0' ],
196 silly audit   'string-width': [ '4.2.3' ],
196 silly audit   'string.prototype.matchall': [ '4.0.12' ],
196 silly audit   'string.prototype.repeat': [ '1.0.0' ],
196 silly audit   'string.prototype.trim': [ '1.2.10' ],
196 silly audit   'string.prototype.trimend': [ '1.0.9' ],
196 silly audit   'string.prototype.trimstart': [ '1.0.8' ],
196 silly audit   'strip-ansi': [ '6.0.1' ],
196 silly audit   'strip-json-comments': [ '3.1.1' ],
196 silly audit   'supports-preserve-symlinks-flag': [ '1.0.0' ],
196 silly audit   'text-table': [ '0.2.0' ],
196 silly audit   'tree-kill': [ '1.2.2' ],
196 silly audit   tslib: [ '2.8.1' ],
196 silly audit   'type-check': [ '0.4.0' ],
196 silly audit   'type-fest': [ '0.20.2' ],
196 silly audit   'typed-array-buffer': [ '1.0.3' ],
196 silly audit   'typed-array-byte-length': [ '1.0.3' ],
196 silly audit   'typed-array-byte-offset': [ '1.0.4' ],
196 silly audit   'typed-array-length': [ '1.0.7' ],
196 silly audit   'unbox-primitive': [ '1.1.0' ],
196 silly audit   'update-browserslist-db': [ '1.2.3' ],
196 silly audit   'uri-js': [ '4.4.1' ],
196 silly audit   which: [ '2.0.2' ],
196 silly audit   'which-boxed-primitive': [ '1.1.1' ],
196 silly audit   'which-builtin-type': [ '1.2.1' ],
196 silly audit   'which-collection': [ '1.0.2' ],
196 silly audit   'which-typed-array': [ '1.1.20' ],
196 silly audit   'word-wrap': [ '1.2.5' ],
196 silly audit   'wrap-ansi': [ '7.0.0' ],
196 silly audit   wrappy: [ '1.0.2' ],
196 silly audit   ws: [ '8.18.3' ],
196 silly audit   'xmlhttprequest-ssl': [ '2.1.2' ],
196 silly audit   y18n: [ '5.0.8' ],
196 silly audit   yallist: [ '3.1.1' ],
196 silly audit   yargs: [ '17.7.2' ],
196 silly audit   'yargs-parser': [ '21.1.1' ],
196 silly audit   'yocto-queue': [ '0.1.0' ],
196 silly audit   '@vitejs/plugin-react': [ '4.7.0' ],
196 silly audit   vite: [ '5.4.21' ],
196 silly audit   '@rolldown/pluginutils': [ '1.0.0-beta.27' ],
196 silly audit   'react-refresh': [ '0.17.0' ],
196 silly audit   esbuild: [ '0.21.5' ],
196 silly audit   '@esbuild/aix-ppc64': [ '0.21.5' ],
196 silly audit   '@esbuild/android-arm': [ '0.21.5' ],
196 silly audit   '@esbuild/android-arm64': [ '0.21.5' ],
196 silly audit   '@esbuild/android-x64': [ '0.21.5' ],
196 silly audit   '@esbuild/darwin-arm64': [ '0.21.5' ],
196 silly audit   '@esbuild/darwin-x64': [ '0.21.5' ],
196 silly audit   '@esbuild/freebsd-arm64': [ '0.21.5' ],
196 silly audit   '@esbuild/freebsd-x64': [ '0.21.5' ],
196 silly audit   '@esbuild/linux-arm': [ '0.21.5' ],
196 silly audit   '@esbuild/linux-arm64': [ '0.21.5' ],
196 silly audit   '@esbuild/linux-ia32': [ '0.21.5' ],
196 silly audit   '@esbuild/linux-loong64': [ '0.21.5' ],
196 silly audit   '@esbuild/linux-mips64el': [ '0.21.5' ],
196 silly audit   '@esbuild/linux-ppc64': [ '0.21.5' ],
196 silly audit   '@esbuild/linux-riscv64': [ '0.21.5' ],
196 silly audit   '@esbuild/linux-s390x': [ '0.21.5' ],
196 silly audit   '@esbuild/linux-x64': [ '0.21.5' ],
196 silly audit   '@esbuild/netbsd-x64': [ '0.21.5' ],
196 silly audit   '@esbuild/openbsd-x64': [ '0.21.5' ],
196 silly audit   '@esbuild/sunos-x64': [ '0.21.5' ],
196 silly audit   '@esbuild/win32-arm64': [ '0.21.5' ],
196 silly audit   '@esbuild/win32-ia32': [ '0.21.5' ],
196 silly audit   '@esbuild/win32-x64': [ '0.21.5' ]
196 silly audit }
197 http cache @rolldown/pluginutils@https://registry.npmjs.org/@rolldown/pluginutils/-/pluginutils-1.0.0-beta.27.tgz 1ms (cache hit)
198 http cache react-refresh@https://registry.npmjs.org/react-refresh/-/react-refresh-0.17.0.tgz 0ms (cache hit)
199 http cache vite@https://registry.npmjs.org/vite/-/vite-5.4.21.tgz 0ms (cache hit)
200 http cache esbuild@https://registry.npmjs.org/esbuild/-/esbuild-0.21.5.tgz 0ms (cache hit)
201 silly tarball no local data for @rolldown/pluginutils@https://registry.npmjs.org/@rolldown/pluginutils/-/pluginutils-1.0.0-beta.27.tgz. Extracting by manifest.
202 silly tarball no local data for react-refresh@https://registry.npmjs.org/react-refresh/-/react-refresh-0.17.0.tgz. Extracting by manifest.
203 silly tarball no local data for vite@https://registry.npmjs.org/vite/-/vite-5.4.21.tgz. Extracting by manifest.
204 http cache @vitejs/plugin-react@https://registry.npmjs.org/@vitejs/plugin-react/-/plugin-react-4.7.0.tgz 0ms (cache hit)
205 http cache @esbuild/win32-x64@https://registry.npmjs.org/@esbuild/win32-x64/-/win32-x64-0.21.5.tgz 0ms (cache hit)
206 silly tarball no local data for esbuild@https://registry.npmjs.org/esbuild/-/esbuild-0.21.5.tgz. Extracting by manifest.
207 silly tarball no local data for @vitejs/plugin-react@https://registry.npmjs.org/@vitejs/plugin-react/-/plugin-react-4.7.0.tgz. Extracting by manifest.
208 silly tarball no local data for @esbuild/win32-x64@https://registry.npmjs.org/@esbuild/win32-x64/-/win32-x64-0.21.5.tgz. Extracting by manifest.
209 http fetch POST 200 https://registry.npmjs.org/-/npm/v1/security/advisories/bulk 382ms
210 silly audit report {
210 silly audit report   axios: [
210 silly audit report     {
210 silly audit report       id: 1118607,
210 silly audit report       url: 'https://github.com/advisories/GHSA-q8qp-cvcw-x6jj',
210 silly audit report       title: 'Axios has prototype pollution read-side gadgets in HTTP adapter that allow credential injection and request hijacking',
210 silly audit report       severity: 'high',
210 silly audit report       vulnerable_versions: '>=1.0.0 <1.15.2',
210 silly audit report       cwe: [Array],
210 silly audit report       cvss: [Object]
210 silly audit report     },
210 silly audit report     {
210 silly audit report       id: 1119667,
210 silly audit report       url: 'https://github.com/advisories/GHSA-pjwm-pj3p-43mv',
210 silly audit report       title: "axios's shouldBypassProxy does not recognize IPv4-mapped IPv6 addresses, allowing NO_PROXY bypass (incomplete fix for CVE-2025-62718)",
210 silly audit report       severity: 'high',
210 silly audit report       vulnerable_versions: '>=1.0.0 <1.16.0',
210 silly audit report       cwe: [Array],
210 silly audit report       cvss: [Object]
210 silly audit report     },
210 silly audit report     {
210 silly audit report       id: 1120125,
210 silly audit report       url: 'https://github.com/advisories/GHSA-62hf-57xw-28j9',
210 silly audit report       title: 'Axios: unbounded recursion in toFormData causes DoS via deeply nested request data',
210 silly audit report       severity: 'moderate',
210 silly audit report       vulnerable_versions: '>=1.0.0 <1.15.1',
210 silly audit report       cwe: [Array],
210 silly audit report       cvss: [Object]
210 silly audit report     },
210 silly audit report     {
210 silly audit report       id: 1120547,
210 silly audit report       url: 'https://github.com/advisories/GHSA-hfxv-24rg-xrqf',
210 silly audit report       title: 'Axios: Regular Expression Denial of Service (ReDoS) via Cookie Name Injection',
210 silly audit report       severity: 'high',
210 silly audit report       vulnerable_versions: '>=1.0.0 <1.16.0',
210 silly audit report       cwe: [Array],
210 silly audit report       cvss: [Object]
210 silly audit report     },
210 silly audit report     {
210 silly audit report       id: 1120643,
210 silly audit report       url: 'https://github.com/advisories/GHSA-777c-7fjr-54vf',
210 silly audit report       title: 'Allocation of Resources Without Limits or Throttling in Axios',
210 silly audit report       severity: 'high',
210 silly audit report       vulnerable_versions: '>=1.7.0 <1.16.0',
210 silly audit report       cwe: [Array],
210 silly audit report       cvss: [Object]
210 silly audit report     },
210 silly audit report     {
210 silly audit report       id: 1120645,
210 silly audit report       url: 'https://github.com/advisories/GHSA-p92q-9vqr-4j8v',
210 silly audit report       title: 'Axios: Proxy-Authorization Credential Leak to Origin Server Across HTTP-to-HTTPS Redirect in Axios Node.js HTTP Adapter',
210 silly audit report       severity: 'high',
210 silly audit report       vulnerable_versions: '>=1.0.0 <1.16.0',
210 silly audit report       cwe: [Array],
210 silly audit report       cvss: [Object]
210 silly audit report     },
210 silly audit report     {
210 silly audit report       id: 1120647,
210 silly audit report       url: 'https://github.com/advisories/GHSA-j5f8-grm9-p9fc',
210 silly audit report       title: 'Axios: Proxy-Authorization header leaks to redirect target when proxy is re-evaluated to direct connection',
210 silly audit report       severity: 'high',
210 silly audit report       vulnerable_versions: '>=1.0.0 <1.16.0',
210 silly audit report       cwe: [Array],
210 silly audit report       cvss: [Object]
210 silly audit report     },
210 silly audit report     {
210 silly audit report       id: 1120649,
210 silly audit report       url: 'https://github.com/advisories/GHSA-3g43-6gmg-66jw',
210 silly audit report       title: 'axios Vulnerable to Credential Theft and Response Hijacking via Prototype Pollution Gadget in Config Merge',
210 silly audit report       severity: 'high',
210 silly audit report       vulnerable_versions: '>=1.0.0 <1.15.2',
210 silly audit report       cwe: [Array],
210 silly audit report       cvss: [Object]
210 silly audit report     },
210 silly audit report     {
210 silly audit report       id: 1120650,
210 silly audit report       url: 'https://github.com/advisories/GHSA-35jp-ww65-95wh',
210 silly audit report       title: 'axios Vulnerable to Full Man-in-the-Middle via Prototype Pollution Gadget in `config.proxy`',
210 silly audit report       severity: 'high',
210 silly audit report       vulnerable_versions: '>=1.0.0 <1.16.0',
210 silly audit report       cwe: [Array],
210 silly audit report       cvss: [Object]
210 silly audit report     },
210 silly audit report     {
210 silly audit report       id: 1120652,
210 silly audit report       url: 'https://github.com/advisories/GHSA-898c-q2cr-xwhg',
210 silly audit report       title: 'axios has DoS & Header Injection via Prototype Pollution Read-Side Gadgets in axios merge functions',
210 silly audit report       severity: 'moderate',
210 silly audit report       vulnerable_versions: '>=1.0.0 <1.16.0',
210 silly audit report       cwe: [Array],
210 silly audit report       cvss: [Object]
210 silly audit report     },
210 silly audit report     {
210 silly audit report       id: 1117574,
210 silly audit report       url: 'https://github.com/advisories/GHSA-w9j2-pvgh-6h63',
210 silly audit report       title: 'Axios: Authentication Bypass via Prototype Pollution Gadget in `validateStatus` Merge Strategy',
210 silly audit report       severity: 'moderate',
210 silly audit report       vulnerable_versions: '>=1.0.0 <1.15.1',
210 silly audit report       cwe: [Array],
210 silly audit report       cvss: [Object]
210 silly audit report     },
210 silly audit report     {
210 silly audit report       id: 1117576,
210 silly audit report       url: 'https://github.com/advisories/GHSA-pmwg-cvhr-8vh7',
210 silly audit report       title: 'Axios: Incomplete Fix for CVE-2025-62718 — NO_PROXY Protection Bypassed via RFC 1122 Loopback Subnet (127.0.0.0/8) in Axios 1.15.0',
210 silly audit report       severity: 'high',
210 silly audit report       vulnerable_versions: '>=1.0.0 <1.15.1',
210 silly audit report       cwe: [Array],
210 silly audit report       cvss: [Object]
210 silly audit report     },
210 silly audit report     {
210 silly audit report       id: 1117577,
210 silly audit report       url: 'https://github.com/advisories/GHSA-3w6x-2g7m-8v23',
210 silly audit report       title: 'Axios: Invisible JSON Response Tampering via Prototype Pollution Gadget in `parseReviver`',
210 silly audit report       severity: 'moderate',
210 silly audit report       vulnerable_versions: '>=1.0.0 <1.15.2',
210 silly audit report       cwe: [Array],
210 silly audit report       cvss: [Object]
210 silly audit report     },
210 silly audit report     {
210 silly audit report       id: 1117580,
210 silly audit report       url: 'https://github.com/advisories/GHSA-xhjh-pmcv-23jw',
210 silly audit report       title: 'Axios: Null Byte Injection via Reverse-Encoding in AxiosURLSearchParams',
210 silly audit report       severity: 'low',
210 silly audit report       vulnerable_versions: '>=1.0.0 <1.15.1',
210 silly audit report       cwe: [Array],
210 silly audit report       cvss: [Object]
210 silly audit report     },
210 silly audit report     {
210 silly audit report       id: 1117581,
210 silly audit report       url: 'https://github.com/advisories/GHSA-445q-vr5w-6q77',
210 silly audit report       title: 'Axios: CRLF Injection in multipart/form-data body via unsanitized blob.type in formDataToStream',
210 silly audit report       severity: 'moderate',
210 silly audit report       vulnerable_versions: '>=1.0.0 <1.15.1',
210 silly audit report       cwe: [Array],
210 silly audit report       cvss: [Object]
210 silly audit report     },
210 silly audit report     {
210 silly audit report       id: 1117583,
210 silly audit report       url: 'https://github.com/advisories/GHSA-m7pr-hjqh-92cm',
210 silly audit report       title: 'Axios: no_proxy bypass via IP alias allows SSRF',
210 silly audit report       severity: 'moderate',
210 silly audit report       vulnerable_versions: '>=1.0.0 <1.15.1',
210 silly audit report       cwe: [Array],
210 silly audit report       cvss: [Object]
210 silly audit report     },
210 silly audit report     {
210 silly audit report       id: 1117587,
210 silly audit report       url: 'https://github.com/advisories/GHSA-5c9x-8gcm-mpgx',
210 silly audit report       title: "Axios' HTTP adapter-streamed uploads bypass maxBodyLength when maxRedirects: 0",
210 silly audit report       severity: 'moderate',
210 silly audit report       vulnerable_versions: '>=1.0.0 <1.15.1',
210 silly audit report       cwe: [Array],
210 silly audit report       cvss: [Object]
210 silly audit report     },
210 silly audit report     {
210 silly audit report       id: 1117589,
210 silly audit report       url: 'https://github.com/advisories/GHSA-vf2m-468p-8v99',
210 silly audit report       title: 'Axios: HTTP adapter streamed responses bypass maxContentLength',
210 silly audit report       severity: 'moderate',
210 silly audit report       vulnerable_versions: '>=1.0.0 <1.15.1',
210 silly audit report       cwe: [Array],
210 silly audit report       cvss: [Object]
210 silly audit report     },
210 silly audit report     {
210 silly audit report       id: 1117591,
210 silly audit report       url: 'https://github.com/advisories/GHSA-pf86-5x62-jrwf',
210 silly audit report       title: 'Axios: Prototype Pollution Gadgets - Response Tampering, Data Exfiltration, and Request Hijacking',
210 silly audit report       severity: 'high',
210 silly audit report       vulnerable_versions: '>=1.0.0 <1.15.1',
210 silly audit report       cwe: [Array],
210 silly audit report       cvss: [Object]
210 silly audit report     },
210 silly audit report     {
210 silly audit report       id: 1117593,
210 silly audit report       url: 'https://github.com/advisories/GHSA-6chq-wfr3-2hj9',
210 silly audit report       title: 'Axios: Header Injection via Prototype Pollution',
210 silly audit report       severity: 'high',
210 silly audit report       vulnerable_versions: '>=1.0.0 <1.15.1',
210 silly audit report       cwe: [Array],
210 silly audit report       cvss: [Object]
210 silly audit report     },
210 silly audit report     {
210 silly audit report       id: 1117595,
210 silly audit report       url: 'https://github.com/advisories/GHSA-xx6v-rp6x-q39c',
210 silly audit report       title: 'Axios: XSRF Token Cross-Origin Leakage via Prototype Pollution Gadget in `withXSRFToken` Boolean Coercion',
210 silly audit report       severity: 'moderate',
210 silly audit report       vulnerable_versions: '>=1.0.0 <1.15.1',
210 silly audit report       cwe: [Array],
210 silly audit report       cvss: [Object]
210 silly audit report     }
210 silly audit report   ],
210 silly audit report   'follow-redirects': [
210 silly audit report     {
210 silly audit report       id: 1116560,
210 silly audit report       url: 'https://github.com/advisories/GHSA-r4q5-vmmm-2653',
210 silly audit report       title: 'follow-redirects leaks Custom Authentication Headers to Cross-Domain Redirect Targets',
210 silly audit report       severity: 'moderate',
210 silly audit report       vulnerable_versions: '<=1.15.11',
210 silly audit report       cwe: [Array],
210 silly audit report       cvss: [Object]
210 silly audit report     }
210 silly audit report   ],
210 silly audit report   'form-data': [
210 silly audit report     {
210 silly audit report       id: 1120743,
210 silly audit report       url: 'https://github.com/advisories/GHSA-hmw2-7cc7-3qxx',
210 silly audit report       title: 'form-data: CRLF injection in form-data via unescaped multipart field names and filenames',
210 silly audit report       severity: 'high',
210 silly audit report       vulnerable_versions: '>=4.0.0 <4.0.6',
210 silly audit report       cwe: [Array],
210 silly audit report       cvss: [Object]
210 silly audit report     }
210 silly audit report   ],
210 silly audit report   'js-yaml': [
210 silly audit report     {
210 silly audit report       id: 1121860,
210 silly audit report       url: 'https://github.com/advisories/GHSA-h67p-54hq-rp68',
210 silly audit report       title: 'JS-YAML: Quadratic-complexity DoS in merge key handling via repeated aliases',
210 silly audit report       severity: 'moderate',
210 silly audit report       vulnerable_versions: '>=4.0.0 <=4.1.1',
210 silly audit report       cwe: [Array],
210 silly audit report       cvss: [Object]
210 silly audit report     }
210 silly audit report   ],
210 silly audit report   'react-router': [
210 silly audit report     {
210 silly audit report       id: 1120064,
210 silly audit report       url: 'https://github.com/advisories/GHSA-2j2x-hqr9-3h42',
210 silly audit report       title: "React Router's same-origin redirect with path starting // causes open redirect via protocol-relative URL reinterpretation",
210 silly audit report       severity: 'moderate',
210 silly audit report       vulnerable_versions: '>=6.7.0 <6.30.4',
210 silly audit report       cwe: [Array],
210 silly audit report       cvss: [Object]
210 silly audit report     }
210 silly audit report   ],
210 silly audit report   'shell-quote': [
210 silly audit report     {
210 silly audit report       id: 1120422,
210 silly audit report       url: 'https://github.com/advisories/GHSA-w7jw-789q-3m8p',
210 silly audit report       title: 'shell-quote quote() does not escape newlines in object .op values',
210 silly audit report       severity: 'critical',
210 silly audit report       vulnerable_versions: '>=1.1.0 <=1.8.3',
210 silly audit report       cwe: [Array],
210 silly audit report       cvss: [Object]
210 silly audit report     }
210 silly audit report   ],
210 silly audit report   ws: [
210 silly audit report     {
210 silly audit report       id: 1119108,
210 silly audit report       url: 'https://github.com/advisories/GHSA-58qx-3vcg-4xpx',
210 silly audit report       title: 'ws: Uninitialized memory disclosure',
210 silly audit report       severity: 'moderate',
210 silly audit report       vulnerable_versions: '>=8.0.0 <8.20.1',
210 silly audit report       cwe: [Array],
210 silly audit report       cvss: [Object]
210 silly audit report     },
210 silly audit report     {
210 silly audit report       id: 1120730,
210 silly audit report       url: 'https://github.com/advisories/GHSA-96hv-2xvq-fx4p',
210 silly audit report       title: 'ws: Memory exhaustion DoS from tiny fragments and data chunks',
210 silly audit report       severity: 'high',
210 silly audit report       vulnerable_versions: '>=8.0.0 <8.21.0',
210 silly audit report       cwe: [Array],
210 silly audit report       cvss: [Object]
210 silly audit report     }
210 silly audit report   ],
210 silly audit report   vite: [
210 silly audit report     {
210 silly audit report       id: 1120784,
210 silly audit report       url: 'https://github.com/advisories/GHSA-v6wh-96g9-6wx3',
210 silly audit report       title: 'launch-editor: NTLMv2 hash disclosure via UNC path handling on Windows',
210 silly audit report       severity: 'moderate',
210 silly audit report       vulnerable_versions: '<=6.4.2',
210 silly audit report       cwe: [Array],
210 silly audit report       cvss: [Object]
210 silly audit report     },
210 silly audit report     {
210 silly audit report       id: 1120789,
210 silly audit report       url: 'https://github.com/advisories/GHSA-fx2h-pf6j-xcff',
210 silly audit report       title: 'vite: `server.fs.deny` bypass on Windows alternate paths',
210 silly audit report       severity: 'high',
210 silly audit report       vulnerable_versions: '<=6.4.2',
210 silly audit report       cwe: [Array],
210 silly audit report       cvss: [Object]
210 silly audit report     },
210 silly audit report     {
210 silly audit report       id: 1116229,
210 silly audit report       url: 'https://github.com/advisories/GHSA-4w7w-66w2-5vf9',
210 silly audit report       title: 'Vite Vulnerable to Path Traversal in Optimized Deps `.map` Handling',
210 silly audit report       severity: 'moderate',
210 silly audit report       vulnerable_versions: '<=6.4.1',
210 silly audit report       cwe: [Array],
210 silly audit report       cvss: [Object]
210 silly audit report     }
210 silly audit report   ],
210 silly audit report   esbuild: [
210 silly audit report     {
210 silly audit report       id: 1102341,
210 silly audit report       url: 'https://github.com/advisories/GHSA-67mh-4wv8-2f99',
210 silly audit report       title: 'esbuild enables any website to send any requests to the development server and read the response',
210 silly audit report       severity: 'moderate',
210 silly audit report       vulnerable_versions: '<=0.24.2',
210 silly audit report       cwe: [Array],
210 silly audit report       cvss: [Object]
210 silly audit report     }
210 silly audit report   ]
210 silly audit report }
211 silly packumentCache corgi:https://registry.npmjs.org/axios cache-miss
212 silly packumentCache corgi:https://registry.npmjs.org/follow-redirects cache-miss
213 silly packumentCache corgi:https://registry.npmjs.org/form-data cache-miss
214 silly packumentCache corgi:https://registry.npmjs.org/js-yaml cache-miss
215 silly packumentCache corgi:https://registry.npmjs.org/react-router cache-miss
216 silly packumentCache corgi:https://registry.npmjs.org/shell-quote cache-miss
217 silly packumentCache corgi:https://registry.npmjs.org/ws cache-miss
218 silly packumentCache corgi:https://registry.npmjs.org/vite cache-miss
219 silly packumentCache corgi:https://registry.npmjs.org/esbuild cache-miss
220 http cache https://registry.npmjs.org/axios 268ms (cache hit)
221 silly packumentCache corgi:https://registry.npmjs.org/axios set size:297980 disposed:false
222 http cache https://registry.npmjs.org/form-data 295ms (cache hit)
223 silly packumentCache corgi:https://registry.npmjs.org/form-data set size:55002 disposed:false
224 http cache https://registry.npmjs.org/follow-redirects 299ms (cache hit)
225 silly packumentCache corgi:https://registry.npmjs.org/follow-redirects set size:88479 disposed:false
226 http cache https://registry.npmjs.org/js-yaml 303ms (cache hit)
227 silly packumentCache corgi:https://registry.npmjs.org/js-yaml set size:65913 disposed:false
228 http cache https://registry.npmjs.org/react-router 315ms (cache hit)
229 silly packumentCache corgi:https://registry.npmjs.org/react-router set size:1343777 disposed:false
230 http cache https://registry.npmjs.org/ws 380ms (cache hit)
231 silly packumentCache corgi:https://registry.npmjs.org/ws set size:199711 disposed:false
232 http cache https://registry.npmjs.org/esbuild 392ms (cache hit)
233 silly packumentCache corgi:https://registry.npmjs.org/esbuild set size:887361 disposed:false
234 http cache https://registry.npmjs.org/vite 436ms (cache hit)
235 silly packumentCache corgi:https://registry.npmjs.org/vite set size:2279626 disposed:false
236 http cache https://registry.npmjs.org/shell-quote 531ms (cache hit)
237 silly packumentCache corgi:https://registry.npmjs.org/shell-quote set size:28310 disposed:false
238 silly packumentCache corgi:https://registry.npmjs.org/razorpay cache-miss
239 http fetch GET 200 https://registry.npmjs.org/@rolldown/pluginutils/-/pluginutils-1.0.0-beta.27.tgz 1089ms (cache miss)
240 http cache https://registry.npmjs.org/razorpay 141ms (cache hit)
241 silly packumentCache corgi:https://registry.npmjs.org/razorpay set size:43519 disposed:false
242 http fetch GET 200 https://registry.npmjs.org/react-refresh/-/react-refresh-0.17.0.tgz 1170ms (cache miss)
243 silly packumentCache corgi:https://registry.npmjs.org/@eslint%2feslintrc cache-miss
244 silly packumentCache corgi:https://registry.npmjs.org/eslint cache-miss
245 http fetch GET 200 https://registry.npmjs.org/@vitejs/plugin-react/-/plugin-react-4.7.0.tgz 1207ms (cache miss)
246 http fetch GET 200 https://registry.npmjs.org/esbuild/-/esbuild-0.21.5.tgz 1258ms (cache miss)
247 http cache https://registry.npmjs.org/@eslint%2feslintrc 120ms (cache hit)
248 silly packumentCache corgi:https://registry.npmjs.org/@eslint%2feslintrc set size:83205 disposed:false
249 http cache https://registry.npmjs.org/eslint 164ms (cache hit)
250 silly packumentCache corgi:https://registry.npmjs.org/eslint set size:1166243 disposed:false
251 silly packumentCache corgi:https://registry.npmjs.org/react-router-dom cache-miss
252 http cache https://registry.npmjs.org/react-router-dom 47ms (cache hit)
253 silly packumentCache corgi:https://registry.npmjs.org/react-router-dom set size:1061588 disposed:false
254 silly packumentCache corgi:https://registry.npmjs.org/concurrently cache-miss
255 http cache https://registry.npmjs.org/concurrently 40ms (cache hit)
256 silly packumentCache corgi:https://registry.npmjs.org/concurrently set size:109079 disposed:false
257 silly packumentCache corgi:https://registry.npmjs.org/engine.io-client cache-miss
258 http cache https://registry.npmjs.org/engine.io-client 53ms (cache hit)
259 silly packumentCache corgi:https://registry.npmjs.org/engine.io-client set size:224596 disposed:false
260 silly packumentCache corgi:https://registry.npmjs.org/@vitejs%2fplugin-react cache-miss
261 http cache https://registry.npmjs.org/@vitejs%2fplugin-react 36ms (cache hit)
262 silly packumentCache corgi:https://registry.npmjs.org/@vitejs%2fplugin-react set size:115032 disposed:false
263 silly packumentCache corgi:https://registry.npmjs.org/socket.io-client cache-miss
264 http cache https://registry.npmjs.org/socket.io-client 29ms (cache hit)
265 silly packumentCache corgi:https://registry.npmjs.org/socket.io-client set size:195399 disposed:false
266 http fetch GET 200 https://registry.npmjs.org/vite/-/vite-5.4.21.tgz 2260ms (cache miss)
267 http fetch GET 200 https://registry.npmjs.org/@esbuild/win32-x64/-/win32-x64-0.21.5.tgz 2286ms (cache miss)
268 info run esbuild@0.21.5 postinstall node_modules/esbuild node install.js
269 info run esbuild@0.21.5 postinstall { code: 0, signal: null }
270 silly ADD node_modules/@rolldown/pluginutils
271 silly CHANGE node_modules/vite
272 silly CHANGE node_modules/react-refresh
273 silly CHANGE node_modules/esbuild
274 silly CHANGE node_modules/@vitejs/plugin-react
275 silly CHANGE node_modules/@esbuild/win32-x64
276 verbose cwd D:\MINI PROJECT\food-delivery-app\frontend
277 verbose os Windows_NT 10.0.26200
278 verbose node v24.12.0
279 verbose npm  v11.6.2
280 verbose exit 0
281 info ok
